// Jest Snapshot v1, https://goo.gl/fbAQLP

exports[`test paths view paths 1`] = `
<Provider
  store={
    Object {
      "actions": Array [],
      "dispatch": [Function],
      "getState": [Function],
      "logicMiddleware": [Function],
      "replaceReducer": [Function],
      "resetActions": [Function],
      "subscribe": [Function],
      "whenComplete": [Function],
      Symbol(observable): [Function],
    }
  }
>
  <Connect(Paths)>
    <Paths
      addPath={[Function]}
      paths={
        Array [
          Object {
            "createdAt": 1498875254374,
            "methods": Array [
              Object {
                "apiGroup": "Light",
                "batch": false,
                "description": "Get Server Info",
                "examples": Array [],
                "method": "get",
                "parameters": Object {},
                "permissions": Array [],
                "request": Object {},
                "response": Object {},
                "since": "1.0.2",
                "status": "normal",
                "tags": Array [
                  "API Versions",
                ],
                "visibility": "public",
              },
            ],
            "path": "/restapi",
          },
        ]
      }
    >
      <div>
        <h2>
          Paths
        </h2>
        <Collapse
          accordion={true}
          bordered={true}
          openAnimation={
            Object {
              "appear": [Function],
              "enter": [Function],
              "leave": [Function],
            }
          }
          prefixCls="ant-collapse"
        >
          <Collapse
            accordion={true}
            bordered={true}
            className=""
            destroyInactivePanel={false}
            onChange={[Function]}
            openAnimation={
              Object {
                "appear": [Function],
                "enter": [Function],
                "leave": [Function],
              }
            }
            prefixCls="ant-collapse"
          >
            <div
              className="ant-collapse"
            >
              <CollapsePanel
                destroyInactivePanel={false}
                header="/restapi"
                headerClass=""
                isActive={false}
                onItemClick={[Function]}
                openAnimation={
                  Object {
                    "appear": [Function],
                    "enter": [Function],
                    "leave": [Function],
                  }
                }
                prefixCls="ant-collapse"
                showArrow={true}
              >
                <div
                  className="ant-collapse-item"
                >
                  <div
                    aria-expanded={false}
                    className="ant-collapse-header"
                    onClick={[Function]}
                    role="tab"
                  >
                    <i
                      className="arrow"
                    />
                    /restapi
                  </div>
                  <Animate
                    animation={
                      Object {
                        "appear": [Function],
                        "enter": [Function],
                        "leave": [Function],
                      }
                    }
                    component=""
                    componentProps={Object {}}
                    exclusive={true}
                    onAppear={[Function]}
                    onEnd={[Function]}
                    onEnter={[Function]}
                    onLeave={[Function]}
                    showProp="isActive"
                    transitionAppear={false}
                    transitionEnter={true}
                    transitionLeave={true}
                  >
                    <AnimateChild
                      animation={
                        Object {
                          "appear": [Function],
                          "enter": [Function],
                          "leave": [Function],
                        }
                      }
                      transitionAppear={false}
                      transitionEnter={true}
                      transitionLeave={true}
                    >
                      <PanelContent
                        destroyInactivePanel={false}
                        isActive={false}
                        prefixCls="ant-collapse"
                      />
                    </AnimateChild>
                  </Animate>
                </div>
              </CollapsePanel>
            </div>
          </Collapse>
        </Collapse>
        <Button
          clicked={false}
          ghost={false}
          loading={false}
          onClick={[Function]}
          prefixCls="ant-btn"
          size="large"
          type="primary"
        >
          <button
            className="ant-btn ant-btn-primary ant-btn-lg"
            onClick={[Function]}
            onMouseUp={[Function]}
            type="button"
          >
            <Icon
              type="plus"
            >
              <i
                className="anticon anticon-plus"
              />
            </Icon>
            <span>
              Add path
            </span>
          </button>
        </Button>
      </div>
    </Paths>
  </Connect(Paths)>
</Provider>
`;
